// Jest Snapshot v1, https://goo.gl/fbAQLP

exports[`The component is rendered correctly. Timer component is rendered correctly with transferred mock time. 1`] = `
<div
  className="timer__value"
  xmlns="http://www.w3.org/1999/xhtml"
>
  <span
    className="timer__mins"
  >
    05
  </span>
  <span
    className="timer__dots"
  >
    :
  </span>
  <span
    className="timer__secs"
  >
    00
  </span>
</div>
`;
