// Jest Snapshot v1, https://goo.gl/fbAQLP

exports[`The component with audio is rendered correctly With Audio correctly renders 1`] = `
<div>
  <audio />
</div>
`;
