// Jest Snapshot v1, https://goo.gl/fbAQLP

exports[`The component is rendered correctly. Sign in screen is renders correctly. 1`] = `
<section
  className="login"
>
  <div
    className="login__logo"
  >
    <img
      alt="Угадай мелодию"
      height="83"
      src="img/melody-logo.png"
      width="186"
    />
  </div>
  <p
    className="login__text"
  >
    Представтесь!
  </p>
  <form
    action=""
    className="login__form"
    onSubmit={[Function]}
  >
    <p
      className="login__field"
    >
      <label
        className="login__label"
        htmlFor="name"
      >
        Логин
      </label>
      <input
        className="login__input"
        id="name"
        name="name"
        required={true}
        type="email"
      />
    </p>
    <p
      className="login__field"
    >
      <label
        className="login__label"
        htmlFor="password"
      >
        Пароль
      </label>
      <input
        className="login__input"
        id="password"
        name="password"
        required={true}
        type="password"
      />
      <span
        className="login__error"
      >
        Неверный пароль
      </span>
    </p>
    <button
      className="login__button button"
      type="submit"
    >
      Войти
    </button>
  </form>
</section>
`;
